BEEYIELD KNOWLEDGE RETRIEVAL (LOCAL)

BeeYield was founded in 2020 by Timothy Mathuva (CEO). He started the venture in Kibwezi, Makueni County, with just 4 hives while studying at Strathmore University. He was joined by his sisters, Agatha Mathuva (Chief IT) and Carole Mathuva (CGO), who brought their own technical and growth expertise to the company.

RESOURCE DIRECTORY:
1. ABOUT OUR TEAM: [Insert Link: beeyield.com/about]
2. OUR STORY: [Insert Link: beeyield.com/ourstory]
3. CONTACT: [Insert Link: beeyield.com/contact]